\BOOKMARK [1][-]{section.1}{\376\377\000I\000n\000t\000r\000o\000d\000u\000c\000t\000i\000o\000n}{}% 1
\BOOKMARK [2][-]{subsection.1.1}{\376\377\000D\000i\000g\000i\000t\000a\000l\000\040\000e\000m\000b\000r\000y\000o\000s}{section.1}% 2
\BOOKMARK [2][-]{subsection.1.2}{\376\377\000W\000h\000y\000\040\000t\000h\000e\000s\000e\000\040\000t\000h\000r\000e\000e}{section.1}% 3
\BOOKMARK [2][-]{subsection.1.3}{\376\377\000S\000u\000m\000m\000a\000r\000y\000\040\000o\000f\000\040\000r\000e\000s\000u\000l\000t\000s}{section.1}% 4
\BOOKMARK [2][-]{subsection.1.4}{\376\377\000W\000h\000a\000t\000\040\000c\000o\000u\000n\000t\000s\000\040\000a\000s\000\040\000e\000v\000i\000d\000e\000n\000c\000e\000\040\000h\000e\000r\000e}{section.1}% 5
\BOOKMARK [2][-]{subsection.1.5}{\376\377\000B\000a\000c\000k\000g\000r\000o\000u\000n\000d}{section.1}% 6
\BOOKMARK [2][-]{subsection.1.6}{\376\377\000R\000o\000a\000d\000m\000a\000p}{section.1}% 7
\BOOKMARK [1][-]{section.2}{\376\377\000M\000a\000t\000h\000e\000m\000a\000t\000i\000c\000a\000l\000\040\000p\000r\000e\000l\000i\000m\000i\000n\000a\000r\000i\000e\000s\000\040\000a\000n\000d\000\040\000d\000e\000r\000i\000v\000a\000t\000i\000o\000n\000s}{}% 8
\BOOKMARK [2][-]{subsection.2.1}{\376\377\000T\000u\000r\000i\000n\000g\000\040\000s\000y\000s\000t\000e\000m\000s\000:\000\040\000l\000i\000n\000e\000a\000r\000\040\000s\000t\000a\000b\000i\000l\000i\000t\000y\000\040\000o\000f\000\040\000t\000h\000e\000\040\000h\000o\000m\000o\000g\000e\000n\000e\000o\000u\000s\000\040\000s\000t\000a\000t\000e}{section.2}% 9
\BOOKMARK [2][-]{subsection.2.2}{\376\377\000F\000i\000n\000i\000t\000e\000-\000d\000i\000f\000f\000e\000r\000e\000n\000c\000e\000\040\000i\000n\000t\000e\000g\000r\000a\000t\000i\000o\000n\000\040\000a\000n\000d\000\040\000t\000h\000e\000\040\000s\000t\000a\000b\000i\000l\000i\000t\000y\000\040\000b\000o\000u\000n\000d}{section.2}% 10
\BOOKMARK [2][-]{subsection.2.3}{\376\377\000M\000o\000r\000p\000h\000o\000g\000e\000n\000\040\000g\000r\000a\000d\000i\000e\000n\000t\000s\000:\000\040\000s\000y\000n\000t\000h\000e\000s\000i\000s\040\023\000d\000i\000f\000f\000u\000s\000i\000o\000n\040\023\000d\000e\000g\000r\000a\000d\000a\000t\000i\000o\000n}{section.2}% 11
\BOOKMARK [2][-]{subsection.2.4}{\376\377\000P\000o\000s\000i\000t\000i\000o\000n\000a\000l\000\040\000r\000e\000a\000d\000o\000u\000t\000:\000\040\000t\000h\000r\000e\000s\000h\000o\000l\000d\000s\000,\000\040\000e\000r\000r\000o\000r\000\040\000p\000r\000o\000p\000a\000g\000a\000t\000i\000o\000n\000,\000\040\000F\000i\000s\000h\000e\000r\000\040\000i\000n\000f\000o\000r\000m\000a\000t\000i\000o\000n}{section.2}% 12
\BOOKMARK [2][-]{subsection.2.5}{\376\377\000B\000o\000o\000t\000s\000t\000r\000a\000p\000\040\000c\000o\000n\000f\000i\000d\000e\000n\000c\000e\000\040\000i\000n\000t\000e\000r\000v\000a\000l\000s\000\040\000f\000o\000r\000\040\000d\000e\000c\000o\000d\000e\000r\000\040\000p\000e\000r\000f\000o\000r\000m\000a\000n\000c\000e}{section.2}% 13
\BOOKMARK [2][-]{subsection.2.6}{\376\377\000B\000o\000o\000l\000e\000a\000n\000\040\000m\000o\000d\000e\000l\000s\000\040\000o\000f\000\040\000g\000e\000n\000e\000-\000r\000e\000g\000u\000l\000a\000t\000o\000r\000y\000\040\000n\000e\000t\000w\000o\000r\000k\000s}{section.2}% 14
\BOOKMARK [2][-]{subsection.2.7}{\376\377\000D\000e\000c\000o\000d\000e\000r\000\040\000m\000o\000d\000e\000l\000s\000\040\000a\000n\000d\000\040\000e\000v\000a\000l\000u\000a\000t\000i\000o\000n\000\040\000s\000t\000a\000t\000i\000s\000t\000i\000c\000s}{section.2}% 15
\BOOKMARK [2][-]{subsection.2.8}{\376\377\000G\000r\000a\000p\000h\000\040\000n\000e\000u\000r\000a\000l\000\040\000n\000e\000t\000w\000o\000r\000k\000\040\000f\000o\000r\000\040\000b\000a\000s\000i\000n\000\040\000m\000e\000m\000b\000e\000r\000s\000h\000i\000p}{section.2}% 16
\BOOKMARK [1][-]{section.3}{\376\377\000S\000t\000u\000d\000y\000\040\000A\000:\000\040\000T\000u\000r\000i\000n\000g\000\040\000p\000a\000t\000t\000e\000r\000n\000\040\000s\000e\000l\000e\000c\000t\000i\000o\000n}{}% 17
\BOOKMARK [2][-]{subsection.3.1}{\376\377\000Q\000u\000e\000s\000t\000i\000o\000n}{section.3}% 18
\BOOKMARK [2][-]{subsection.3.2}{\376\377\000S\000e\000t\000u\000p}{section.3}% 19
\BOOKMARK [2][-]{subsection.3.3}{\376\377\000R\000e\000s\000u\000l\000t\000\040\0001\000:\000\040\000a\000\040\000s\000y\000s\000t\000e\000m\000a\000t\000i\000c\000,\000\040\000n\000o\000n\000-\000m\000o\000n\000o\000t\000o\000n\000e\000\040\000w\000a\000v\000e\000n\000u\000m\000b\000e\000r\000\040\000u\000p\000s\000h\000i\000f\000t}{section.3}% 20
\BOOKMARK [2][-]{subsection.3.4}{\376\377\000R\000e\000s\000u\000l\000t\000\040\0002\000\040\000\050\000n\000e\000g\000a\000t\000i\000v\000e\000\051\000:\000\040\000t\000h\000e\000\040\000u\000p\000s\000h\000i\000f\000t\000\040\000i\000s\000\040\000n\000o\000t\000\040\000p\000r\000e\000d\000i\000c\000t\000a\000b\000l\000e\000\040\000f\000r\000o\000m\000\040\000t\000h\000e\000\040\000l\000i\000n\000e\000a\000r\000\040\000d\000i\000s\000p\000e\000r\000s\000i\000o\000n\000\040\000c\000u\000r\000v\000e\000\040\000b\000y\000\040\000a\000\040\000c\000o\000n\000v\000o\000l\000u\000t\000i\000o\000n\000a\000l\000\040\000s\000u\000r\000r\000o\000g\000a\000t\000e}{section.3}% 21
\BOOKMARK [2][-]{subsection.3.5}{\376\377\000I\000n\000t\000e\000r\000p\000r\000e\000t\000a\000t\000i\000o\000n}{section.3}% 22
\BOOKMARK [2][-]{subsection.3.6}{\376\377\000S\000t\000e\000a\000d\000y\000-\000s\000t\000a\000t\000e\000\040\000v\000e\000r\000i\000f\000i\000c\000a\000t\000i\000o\000n\000\040\000a\000n\000d\000\040\000l\000a\000t\000t\000i\000c\000e\000\040\000q\000u\000a\000n\000t\000i\000s\000a\000t\000i\000o\000n}{section.3}% 23
\BOOKMARK [2][-]{subsection.3.7}{\376\377\000S\000w\000e\000e\000p\000\040\000d\000e\000s\000i\000g\000n\000\040\000r\000a\000t\000i\000o\000n\000a\000l\000e}{section.3}% 24
\BOOKMARK [2][-]{subsection.3.8}{\376\377\000S\000t\000a\000t\000u\000s\000\040\000o\000f\000\040\000t\000h\000e\000\040\000p\000o\000w\000e\000r\000-\000l\000a\000w\000\040\000f\000i\000t}{section.3}% 25
\BOOKMARK [2][-]{subsection.3.9}{\376\377\000B\000i\000o\000l\000o\000g\000i\000c\000a\000l\000\040\000r\000e\000l\000e\000v\000a\000n\000c\000e}{section.3}% 26
\BOOKMARK [1][-]{section.4}{\376\377\000S\000t\000u\000d\000y\000\040\000B\000:\000\040\000G\000e\000n\000e\000-\000r\000e\000g\000u\000l\000a\000t\000o\000r\000y\000-\000n\000e\000t\000w\000o\000r\000k\000\040\000a\000t\000t\000r\000a\000c\000t\000o\000r\000s}{}% 27
\BOOKMARK [2][-]{subsection.4.1}{\376\377\000Q\000u\000e\000s\000t\000i\000o\000n}{section.4}% 28
\BOOKMARK [2][-]{subsection.4.2}{\376\377\000M\000o\000d\000e\000l\000\040\000a\000n\000d\000\040\000d\000a\000t\000a\000\040\000p\000r\000o\000v\000e\000n\000a\000n\000c\000e}{section.4}% 29
\BOOKMARK [2][-]{subsection.4.3}{\376\377\000R\000e\000s\000u\000l\000t\000\040\0001\000:\000\040\000e\000x\000a\000c\000t\000\040\000a\000t\000t\000r\000a\000c\000t\000o\000r\000\040\000c\000e\000n\000s\000u\000s\000\040\000r\000e\000p\000r\000o\000d\000u\000c\000e\000s\000\040\000t\000h\000e\000\040\000p\000u\000b\000l\000i\000s\000h\000e\000d\000\040\000b\000i\000s\000t\000a\000b\000i\000l\000i\000t\000y}{section.4}% 30
\BOOKMARK [2][-]{subsection.4.4}{\376\377\000R\000e\000s\000u\000l\000t\000\040\0002\000:\000\040\000t\000h\000e\000\040\000w\000i\000l\000d\000-\000t\000y\000p\000e\000\040\000b\000a\000s\000i\000n\000\040\000i\000s\000\040\0000\000.\0007\0007\000\045\000\040\000o\000f\000\040\000s\000t\000a\000t\000e\000\040\000s\000p\000a\000c\000e}{section.4}% 31
\BOOKMARK [2][-]{subsection.4.5}{\376\377\000R\000e\000s\000u\000l\000t\000\040\0003\000:\000\040\000t\000h\000e\000\040\000b\000a\000s\000i\000n\000\040\000b\000o\000u\000n\000d\000a\000r\000y\000\040\000i\000s\000\040\000l\000e\000a\000r\000n\000a\000b\000l\000e\000\040\000f\000r\000o\000m\000\040\000t\000e\000n\000s\000\040\000o\000f\000\040\000s\000t\000a\000t\000e\000s\000\040\040\024\000\040\000w\000i\000t\000h\000\040\000a\000\040\000s\000a\000m\000p\000l\000i\000n\000g\000\040\000c\000a\000v\000e\000a\000t}{section.4}% 32
\BOOKMARK [2][-]{subsection.4.6}{\376\377\000I\000n\000t\000e\000r\000p\000r\000e\000t\000a\000t\000i\000o\000n}{section.4}% 33
\BOOKMARK [2][-]{subsection.4.7}{\376\377\000T\000h\000e\000\040\000n\000e\000t\000w\000o\000r\000k\000\040\000i\000n\000\040\000d\000e\000t\000a\000i\000l}{section.4}% 34
\BOOKMARK [2][-]{subsection.4.8}{\376\377\000D\000y\000n\000a\000m\000i\000c\000a\000l\000\040\000r\000e\000g\000i\000m\000e\000:\000\040\000D\000e\000r\000r\000i\000d\000a\000\040\000v\000a\000l\000i\000d\000a\000t\000i\000o\000n}{section.4}% 35
\BOOKMARK [2][-]{subsection.4.9}{\376\377\000W\000h\000y\000\040\000t\000h\000e\000\040\000b\000i\000s\000t\000a\000b\000i\000l\000i\000t\000y\000\040\000e\000x\000i\000s\000t\000s}{section.4}% 36
\BOOKMARK [2][-]{subsection.4.10}{\376\377\000W\000h\000y\000\040\000t\000h\000e\000\040\000G\000N\000N\000\040\000w\000i\000n\000s\000\040\000e\000a\000r\000l\000y}{section.4}% 37
\BOOKMARK [2][-]{subsection.4.11}{\376\377\000C\000h\000e\000c\000k\000s\000\040\000a\000g\000a\000i\000n\000s\000t\000\040\000t\000h\000e\000\040\000p\000u\000b\000l\000i\000s\000h\000e\000d\000\040\000m\000o\000d\000e\000l\000\040\000r\000e\000c\000o\000r\000d}{section.4}% 38
\BOOKMARK [2][-]{subsection.4.12}{\376\377\000S\000e\000c\000o\000n\000d\000-\000m\000e\000t\000h\000o\000d\000\040\000v\000e\000r\000i\000f\000i\000c\000a\000t\000i\000o\000n\000\040\000o\000f\000\040\000t\000h\000e\000\040\000a\000t\000t\000r\000a\000c\000t\000o\000r\000\040\000c\000e\000n\000s\000u\000s}{section.4}% 39
\BOOKMARK [2][-]{subsection.4.13}{\376\377\000M\000u\000l\000t\000i\000-\000c\000e\000l\000l\000\040\000e\000x\000t\000e\000n\000s\000i\000o\000n\000:\000\040\000t\000h\000e\000\040\000S\000L\000P\000\040\000p\000r\000e\000p\000a\000t\000t\000e\000r\000n\000\040\000p\000r\000o\000b\000l\000e\000m\000\040\000m\000a\000d\000e\000\040\000e\000x\000a\000c\000t}{section.4}% 40
\BOOKMARK [1][-]{section.5}{\376\377\000S\000t\000u\000d\000y\000\040\000C\000:\000\040\000M\000o\000r\000p\000h\000o\000g\000e\000n\000\040\000g\000r\000a\000d\000i\000e\000n\000t\000s\000\040\000a\000n\000d\000\040\000p\000o\000s\000i\000t\000i\000o\000n\000a\000l\000\040\000i\000n\000f\000o\000r\000m\000a\000t\000i\000o\000n}{}% 41
\BOOKMARK [2][-]{subsection.5.1}{\376\377\000D\000a\000t\000a}{section.5}% 42
\BOOKMARK [2][-]{subsection.5.2}{\376\377\000T\000h\000e\000\040\000d\000o\000s\000a\000g\000e\000\040\000s\000e\000r\000i\000e\000s\000\040\000a\000n\000d\000\040\000t\000h\000e\000\040\000c\000e\000p\000h\000a\000l\000i\000c\000\040\000f\000u\000r\000r\000o\000w}{section.5}% 43
\BOOKMARK [2][-]{subsection.5.3}{\376\377\000A\000n\000a\000l\000y\000s\000i\000s\000\040\000p\000i\000p\000e\000l\000i\000n\000e}{section.5}% 44
\BOOKMARK [2][-]{subsection.5.4}{\376\377\000R\000e\000s\000u\000l\000t\000\040\0001\000:\000\040\000t\000h\000e\000\040\000e\000x\000p\000o\000n\000e\000n\000t\000i\000a\000l\000\040\000l\000e\000n\000g\000t\000h\000\040\000s\000c\000a\000l\000e\000,\000\040\000r\000e\000p\000r\000o\000d\000u\000c\000e\000d\000\040\040\024\000\040\000a\000n\000d\000\040\000w\000i\000n\000d\000o\000w\000-\000s\000e\000n\000s\000i\000t\000i\000v\000e}{section.5}% 45
\BOOKMARK [2][-]{subsection.5.5}{\376\377\000R\000e\000s\000u\000l\000t\000\040\0002\000:\000\040\000t\000h\000e\000\040\000l\000e\000n\000g\000t\000h\000\040\000s\000c\000a\000l\000e\000\040\000i\000n\000c\000r\000e\000a\000s\000e\000s\000\040\000w\000i\000t\000h\000\040\000m\000a\000t\000e\000r\000n\000a\000l\000\040\000b\000c\000d\000\040\000d\000o\000s\000a\000g\000e\000\040\000\050\000D\000C\000L\000S\000\051}{section.5}% 46
\BOOKMARK [2][-]{subsection.5.6}{\376\377\000R\000e\000s\000u\000l\000t\000\040\0003\000:\000\040\000a\000\040\000l\000e\000a\000r\000n\000e\000d\000\040\000d\000e\000c\000o\000d\000e\000r\000\040\000b\000r\000e\000a\000k\000s\000\040\000t\000h\000e\000\040\000p\000u\000b\000l\000i\000s\000h\000e\000d\000\040\000c\000e\000p\000h\000a\000l\000i\000c\000-\000f\000u\000r\000r\000o\000w\000\040\000b\000e\000n\000c\000h\000m\000a\000r\000k}{section.5}% 47
\BOOKMARK [2][-]{subsection.5.7}{\376\377\000R\000e\000s\000u\000l\000t\000\040\0004\000:\000\040\000g\000a\000p\000-\000g\000e\000n\000e\000\040\000d\000e\000c\000o\000d\000i\000n\000g\000\040\000a\000n\000d\000\040\000t\000h\000e\000\040\000d\000o\000s\000a\000g\000e\040\023\000d\000e\000c\000o\000d\000a\000b\000i\000l\000i\000t\000y\000\040\000l\000i\000n\000k}{section.5}% 48
\BOOKMARK [2][-]{subsection.5.8}{\376\377\000W\000h\000a\000t\000\040\000S\000t\000u\000d\000y\000\040\000C\000\040\000e\000s\000t\000a\000b\000l\000i\000s\000h\000e\000s}{section.5}% 49
\BOOKMARK [2][-]{subsection.5.9}{\376\377\000P\000e\000r\000-\000l\000i\000n\000e\000\040\000d\000e\000t\000a\000i\000l\000\040\000a\000n\000d\000\040\000i\000n\000t\000e\000r\000n\000a\000l\000\040\000c\000o\000n\000t\000r\000o\000l\000s}{section.5}% 50
\BOOKMARK [2][-]{subsection.5.10}{\376\377\000D\000e\000c\000o\000d\000i\000n\000g\000\040\000p\000r\000o\000t\000o\000c\000o\000l\000\040\000d\000e\000t\000a\000i\000l}{section.5}% 51
\BOOKMARK [1][-]{section.6}{\376\377\000T\000o\000o\000l\000s\000,\000\040\000d\000a\000t\000a\000s\000e\000t\000s\000\040\000a\000n\000d\000\040\000r\000e\000p\000r\000o\000d\000u\000c\000i\000b\000i\000l\000i\000t\000y}{}% 52
\BOOKMARK [2][-]{subsection.6.1}{\376\377\000R\000e\000p\000o\000s\000i\000t\000o\000r\000y\000\040\000l\000a\000y\000o\000u\000t}{section.6}% 53
\BOOKMARK [2][-]{subsection.6.2}{\376\377\000T\000h\000e\000\040\000e\000m\000b\000r\000y\000o\000s\000i\000m\000\040\000c\000o\000m\000m\000a\000n\000d\000-\000l\000i\000n\000e\000\040\000t\000o\000o\000l}{section.6}% 54
\BOOKMARK [2][-]{subsection.6.3}{\376\377\000T\000e\000s\000t\000\040\000s\000u\000i\000t\000e}{section.6}% 55
\BOOKMARK [2][-]{subsection.6.4}{\376\377\000D\000a\000t\000a\000\040\000a\000c\000q\000u\000i\000s\000i\000t\000i\000o\000n}{section.6}% 56
\BOOKMARK [2][-]{subsection.6.5}{\376\377\000C\000o\000m\000p\000u\000t\000e\000\040\000e\000n\000v\000i\000r\000o\000n\000m\000e\000n\000t}{section.6}% 57
\BOOKMARK [2][-]{subsection.6.6}{\376\377\000M\000o\000d\000u\000l\000e\000\040\000r\000e\000f\000e\000r\000e\000n\000c\000e}{section.6}% 58
\BOOKMARK [1][-]{section.7}{\376\377\000D\000i\000s\000c\000u\000s\000s\000i\000o\000n}{}% 59
\BOOKMARK [2][-]{subsection.7.1}{\376\377\000C\000r\000o\000s\000s\000-\000s\000t\000u\000d\000y\000\040\000s\000y\000n\000t\000h\000e\000s\000i\000s}{section.7}% 60
\BOOKMARK [2][-]{subsection.7.2}{\376\377\000W\000h\000a\000t\000\040\000t\000h\000e\000\040\000n\000u\000m\000b\000e\000r\000s\000\040\000d\000o\000\040\000a\000n\000d\000\040\000d\000o\000\040\000n\000o\000t\000\040\000s\000a\000y}{section.7}% 61
\BOOKMARK [2][-]{subsection.7.3}{\376\377\000O\000p\000e\000n\000\040\000w\000o\000r\000k\000,\000\040\000i\000n\000\040\000p\000r\000i\000o\000r\000i\000t\000y\000\040\000o\000r\000d\000e\000r}{section.7}% 62
\BOOKMARK [1][-]{section.8}{\376\377\000H\000o\000n\000e\000s\000t\000\040\000n\000e\000g\000a\000t\000i\000v\000e\000s\000\040\000a\000n\000d\000\040\000l\000i\000m\000i\000t\000a\000t\000i\000o\000n\000s}{}% 63
\BOOKMARK [2][-]{subsection.8.1}{\376\377\000R\000e\000t\000r\000a\000c\000t\000i\000o\000n\000:\000\040\000t\000h\000e\000\040\000C\000N\000N\000\040\000T\000u\000r\000i\000n\000g\000\040\000s\000u\000r\000r\000o\000g\000a\000t\000e\000\040\000\050\000S\000t\000u\000d\000y\000\040\000A\000\051}{section.8}% 64
\BOOKMARK [2][-]{subsection.8.2}{\376\377\000N\000e\000g\000a\000t\000i\000v\000e\000:\000\040\000t\000h\000e\000\040\000s\000e\000c\000o\000n\000d\000\040\000e\000x\000p\000o\000n\000e\000n\000t\000i\000a\000l\000\040\000c\000o\000m\000p\000o\000n\000e\000n\000t\000\040\000i\000s\000\040\000n\000o\000t\000\040\000j\000u\000s\000t\000i\000f\000i\000e\000d\000\040\000p\000e\000r\000-\000e\000m\000b\000r\000y\000o\000\040\000\050\000S\000t\000u\000d\000y\000\040\000C\000\051}{section.8}% 65
\BOOKMARK [2][-]{subsection.8.3}{\376\377\000N\000e\000g\000a\000t\000i\000v\000e\000:\000\040\000u\000n\000i\000f\000o\000r\000m\000-\000s\000a\000m\000p\000l\000i\000n\000g\000\040\000b\000a\000s\000i\000n\000\040\000c\000l\000a\000s\000s\000i\000f\000i\000c\000a\000t\000i\000o\000n\000\040\000i\000s\000\040\000d\000e\000g\000e\000n\000e\000r\000a\000t\000e\000\040\000\050\000S\000t\000u\000d\000y\000\040\000B\000\051}{section.8}% 66
\BOOKMARK [2][-]{subsection.8.4}{\376\377\000S\000u\000p\000e\000r\000s\000e\000d\000e\000d\000:\000\040\000t\000h\000e\000\040\000f\000i\000r\000s\000t\000\040\000m\000u\000l\000t\000i\000-\000c\000e\000l\000l\000\040\000s\000e\000g\000m\000e\000n\000t\000-\000p\000o\000l\000a\000r\000i\000t\000y\000\040\000a\000t\000t\000e\000m\000p\000t}{section.8}% 67
\BOOKMARK [2][-]{subsection.8.5}{\376\377\000L\000i\000m\000i\000t\000a\000t\000i\000o\000n\000s\000\040\000o\000f\000\040\000s\000c\000o\000p\000e}{section.8}% 68
\BOOKMARK [2][-]{subsection.8.6}{\376\377\000W\000h\000a\000t\000\040\000w\000e\000\040\000w\000o\000u\000l\000d\000\040\000d\000o\000\040\000d\000i\000f\000f\000e\000r\000e\000n\000t\000l\000y}{section.8}% 69
\BOOKMARK [1][-]{section.9}{\376\377\000C\000o\000n\000c\000l\000u\000s\000i\000o\000n}{}% 70
\BOOKMARK [1][-]{appendix.A}{\376\377\000T\000o\000o\000l\000\040\000a\000n\000d\000\040\000d\000a\000t\000a\000s\000e\000t\000\040\000m\000a\000n\000i\000f\000e\000s\000t}{}% 71
\BOOKMARK [2][-]{subsection.A.1}{\376\377\000E\000x\000t\000e\000r\000n\000a\000l\000\040\000t\000o\000o\000l\000s\000\040\000a\000n\000d\000\040\000r\000e\000s\000o\000u\000r\000c\000e\000s\000\040\000\050\0004\0000\000/\0004\0000\000\040\000g\000a\000t\000e\000\051}{appendix.A}% 72
\BOOKMARK [2][-]{subsection.A.2}{\376\377\000D\000a\000t\000a\000s\000e\000t\000\040\000m\000a\000n\000i\000f\000e\000s\000t\000\040\000\050\000a\000c\000c\000e\000s\000s\000i\000o\000n\000-\000l\000e\000v\000e\000l\000\051}{appendix.A}% 73
\BOOKMARK [1][-]{appendix.B}{\376\377\000E\000x\000a\000c\000t\000\040\000a\000t\000t\000r\000a\000c\000t\000o\000r\000\040\000r\000e\000c\000o\000r\000d\000s\000\040\000\050\000S\000t\000u\000d\000y\000\040\000B\000\051}{}% 74
\BOOKMARK [1][-]{appendix.C}{\376\377\000R\000e\000p\000r\000o\000d\000u\000c\000t\000i\000o\000n\000\040\000c\000o\000m\000m\000a\000n\000d\000s}{}% 75
\BOOKMARK [1][-]{appendix.D}{\376\377\000R\000e\000s\000u\000l\000t\000s\000-\000f\000i\000l\000e\000\040\000i\000n\000v\000e\000n\000t\000o\000r\000y}{}% 76
\BOOKMARK [1][-]{appendix.E}{\376\377\000T\000e\000s\000t\000-\000s\000u\000i\000t\000e\000\040\000i\000n\000v\000e\000n\000t\000o\000r\000y}{}% 77
\BOOKMARK [1][-]{appendix.F}{\376\377\000C\000l\000a\000i\000m\000-\000t\000o\000-\000f\000i\000l\000e\000\040\000t\000r\000a\000c\000e\000a\000b\000i\000l\000i\000t\000y}{}% 78
